| (parameter 0 (parameter 1 (member * (return (root https://www.npmjs.com/package/express))))) | (return (member * (instance (member RegExp (global))))) | (parameter 0 (member * (root https://www.npmjs.com/package/fs))) |
| (parameter 0 (parameter 1 (member * (return (root https://www.npmjs.com/package/express))))) | (return (member * (instance (member RegExp (global))))) | (parameter 0 (member writeFile (root https://www.npmjs.com/package/fs))) |
| (parameter 0 (parameter 1 (member * (return (root https://www.npmjs.com/package/express))))) | (return (member * (instance (member RegExp (global))))) | (parameter 0 (member writeFile *)) |
| (parameter 0 (parameter 1 (member * (return (root https://www.npmjs.com/package/express))))) | (return (member * (return (member RegExp (global))))) | (parameter 0 (member * (root https://www.npmjs.com/package/fs))) |
| (parameter 0 (parameter 1 (member * (return (root https://www.npmjs.com/package/express))))) | (return (member * (return (member RegExp (global))))) | (parameter 0 (member writeFile (root https://www.npmjs.com/package/fs))) |
| (parameter 0 (parameter 1 (member * (return (root https://www.npmjs.com/package/express))))) | (return (member * (return (member RegExp (global))))) | (parameter 0 (member writeFile *)) |
| (parameter 0 (parameter 1 (member * (return (root https://www.npmjs.com/package/express))))) | (return (member * (root https://www.npmjs.com/package/path))) | (parameter 0 (member * (root https://www.npmjs.com/package/fs))) |
| (parameter 0 (parameter 1 (member * (return (root https://www.npmjs.com/package/express))))) | (return (member * (root https://www.npmjs.com/package/path))) | (parameter 0 (member writeFile (root https://www.npmjs.com/package/fs))) |
| (parameter 0 (parameter 1 (member * (return (root https://www.npmjs.com/package/express))))) | (return (member * (root https://www.npmjs.com/package/path))) | (parameter 0 (member writeFile *)) |
| (parameter 0 (parameter 1 (member * (return (root https://www.npmjs.com/package/express))))) | (return (member join (root https://www.npmjs.com/package/path))) | (parameter 0 (member * (root https://www.npmjs.com/package/fs))) |
| (parameter 0 (parameter 1 (member * (return (root https://www.npmjs.com/package/express))))) | (return (member join (root https://www.npmjs.com/package/path))) | (parameter 0 (member writeFile (root https://www.npmjs.com/package/fs))) |
| (parameter 0 (parameter 1 (member * (return (root https://www.npmjs.com/package/express))))) | (return (member join (root https://www.npmjs.com/package/path))) | (parameter 0 (member writeFile *)) |
| (parameter 0 (parameter 1 (member * (return (root https://www.npmjs.com/package/express))))) | (return (member join *)) | (parameter 0 (member * (root https://www.npmjs.com/package/fs))) |
| (parameter 0 (parameter 1 (member * (return (root https://www.npmjs.com/package/express))))) | (return (member join *)) | (parameter 0 (member writeFile (root https://www.npmjs.com/package/fs))) |
| (parameter 0 (parameter 1 (member * (return (root https://www.npmjs.com/package/express))))) | (return (member join *)) | (parameter 0 (member writeFile *)) |
| (parameter 0 (parameter 1 (member * (return (root https://www.npmjs.com/package/express))))) | (return (member test (instance (member RegExp (global))))) | (parameter 0 (member * (root https://www.npmjs.com/package/fs))) |
| (parameter 0 (parameter 1 (member * (return (root https://www.npmjs.com/package/express))))) | (return (member test (instance (member RegExp (global))))) | (parameter 0 (member writeFile (root https://www.npmjs.com/package/fs))) |
| (parameter 0 (parameter 1 (member * (return (root https://www.npmjs.com/package/express))))) | (return (member test (instance (member RegExp (global))))) | (parameter 0 (member writeFile *)) |
| (parameter 0 (parameter 1 (member * (return (root https://www.npmjs.com/package/express))))) | (return (member test (return (member RegExp (global))))) | (parameter 0 (member * (root https://www.npmjs.com/package/fs))) |
| (parameter 0 (parameter 1 (member * (return (root https://www.npmjs.com/package/express))))) | (return (member test (return (member RegExp (global))))) | (parameter 0 (member writeFile (root https://www.npmjs.com/package/fs))) |
| (parameter 0 (parameter 1 (member * (return (root https://www.npmjs.com/package/express))))) | (return (member test (return (member RegExp (global))))) | (parameter 0 (member writeFile *)) |
| (parameter 0 (parameter 1 (member * (return (root https://www.npmjs.com/package/express))))) | (return (member test *)) | (parameter 0 (member * (root https://www.npmjs.com/package/fs))) |
| (parameter 0 (parameter 1 (member * (return (root https://www.npmjs.com/package/express))))) | (return (member test *)) | (parameter 0 (member writeFile (root https://www.npmjs.com/package/fs))) |
| (parameter 0 (parameter 1 (member * (return (root https://www.npmjs.com/package/express))))) | (return (member test *)) | (parameter 0 (member writeFile *)) |
| (parameter 0 (parameter 1 (member * (return (root https://www.npmjs.com/package/express))))) | (return (root https://www.npmjs.com/package/sanitize-path)) | (parameter 0 (member * (root https://www.npmjs.com/package/fs))) |
| (parameter 0 (parameter 1 (member * (return (root https://www.npmjs.com/package/express))))) | (return (root https://www.npmjs.com/package/sanitize-path)) | (parameter 0 (member writeFile (root https://www.npmjs.com/package/fs))) |
| (parameter 0 (parameter 1 (member * (return (root https://www.npmjs.com/package/express))))) | (return (root https://www.npmjs.com/package/sanitize-path)) | (parameter 0 (member writeFile *)) |
| (parameter 0 (parameter 1 (member post (return (root https://www.npmjs.com/package/express))))) | (return (member * (instance (member RegExp (global))))) | (parameter 0 (member * (root https://www.npmjs.com/package/fs))) |
| (parameter 0 (parameter 1 (member post (return (root https://www.npmjs.com/package/express))))) | (return (member * (instance (member RegExp (global))))) | (parameter 0 (member writeFile (root https://www.npmjs.com/package/fs))) |
| (parameter 0 (parameter 1 (member post (return (root https://www.npmjs.com/package/express))))) | (return (member * (instance (member RegExp (global))))) | (parameter 0 (member writeFile *)) |
| (parameter 0 (parameter 1 (member post (return (root https://www.npmjs.com/package/express))))) | (return (member * (return (member RegExp (global))))) | (parameter 0 (member * (root https://www.npmjs.com/package/fs))) |
| (parameter 0 (parameter 1 (member post (return (root https://www.npmjs.com/package/express))))) | (return (member * (return (member RegExp (global))))) | (parameter 0 (member writeFile (root https://www.npmjs.com/package/fs))) |
| (parameter 0 (parameter 1 (member post (return (root https://www.npmjs.com/package/express))))) | (return (member * (return (member RegExp (global))))) | (parameter 0 (member writeFile *)) |
| (parameter 0 (parameter 1 (member post (return (root https://www.npmjs.com/package/express))))) | (return (member * (root https://www.npmjs.com/package/path))) | (parameter 0 (member * (root https://www.npmjs.com/package/fs))) |
| (parameter 0 (parameter 1 (member post (return (root https://www.npmjs.com/package/express))))) | (return (member * (root https://www.npmjs.com/package/path))) | (parameter 0 (member writeFile (root https://www.npmjs.com/package/fs))) |
| (parameter 0 (parameter 1 (member post (return (root https://www.npmjs.com/package/express))))) | (return (member * (root https://www.npmjs.com/package/path))) | (parameter 0 (member writeFile *)) |
| (parameter 0 (parameter 1 (member post (return (root https://www.npmjs.com/package/express))))) | (return (member join (root https://www.npmjs.com/package/path))) | (parameter 0 (member * (root https://www.npmjs.com/package/fs))) |
| (parameter 0 (parameter 1 (member post (return (root https://www.npmjs.com/package/express))))) | (return (member join (root https://www.npmjs.com/package/path))) | (parameter 0 (member writeFile (root https://www.npmjs.com/package/fs))) |
| (parameter 0 (parameter 1 (member post (return (root https://www.npmjs.com/package/express))))) | (return (member join (root https://www.npmjs.com/package/path))) | (parameter 0 (member writeFile *)) |
| (parameter 0 (parameter 1 (member post (return (root https://www.npmjs.com/package/express))))) | (return (member join *)) | (parameter 0 (member * (root https://www.npmjs.com/package/fs))) |
| (parameter 0 (parameter 1 (member post (return (root https://www.npmjs.com/package/express))))) | (return (member join *)) | (parameter 0 (member writeFile (root https://www.npmjs.com/package/fs))) |
| (parameter 0 (parameter 1 (member post (return (root https://www.npmjs.com/package/express))))) | (return (member join *)) | (parameter 0 (member writeFile *)) |
| (parameter 0 (parameter 1 (member post (return (root https://www.npmjs.com/package/express))))) | (return (member test (instance (member RegExp (global))))) | (parameter 0 (member * (root https://www.npmjs.com/package/fs))) |
| (parameter 0 (parameter 1 (member post (return (root https://www.npmjs.com/package/express))))) | (return (member test (instance (member RegExp (global))))) | (parameter 0 (member writeFile (root https://www.npmjs.com/package/fs))) |
| (parameter 0 (parameter 1 (member post (return (root https://www.npmjs.com/package/express))))) | (return (member test (instance (member RegExp (global))))) | (parameter 0 (member writeFile *)) |
| (parameter 0 (parameter 1 (member post (return (root https://www.npmjs.com/package/express))))) | (return (member test (return (member RegExp (global))))) | (parameter 0 (member * (root https://www.npmjs.com/package/fs))) |
| (parameter 0 (parameter 1 (member post (return (root https://www.npmjs.com/package/express))))) | (return (member test (return (member RegExp (global))))) | (parameter 0 (member writeFile (root https://www.npmjs.com/package/fs))) |
| (parameter 0 (parameter 1 (member post (return (root https://www.npmjs.com/package/express))))) | (return (member test (return (member RegExp (global))))) | (parameter 0 (member writeFile *)) |
| (parameter 0 (parameter 1 (member post (return (root https://www.npmjs.com/package/express))))) | (return (member test *)) | (parameter 0 (member * (root https://www.npmjs.com/package/fs))) |
| (parameter 0 (parameter 1 (member post (return (root https://www.npmjs.com/package/express))))) | (return (member test *)) | (parameter 0 (member writeFile (root https://www.npmjs.com/package/fs))) |
| (parameter 0 (parameter 1 (member post (return (root https://www.npmjs.com/package/express))))) | (return (member test *)) | (parameter 0 (member writeFile *)) |
| (parameter 0 (parameter 1 (member post (return (root https://www.npmjs.com/package/express))))) | (return (root https://www.npmjs.com/package/sanitize-path)) | (parameter 0 (member * (root https://www.npmjs.com/package/fs))) |
| (parameter 0 (parameter 1 (member post (return (root https://www.npmjs.com/package/express))))) | (return (root https://www.npmjs.com/package/sanitize-path)) | (parameter 0 (member writeFile (root https://www.npmjs.com/package/fs))) |
| (parameter 0 (parameter 1 (member post (return (root https://www.npmjs.com/package/express))))) | (return (root https://www.npmjs.com/package/sanitize-path)) | (parameter 0 (member writeFile *)) |
| (parameter 0 (parameter 1 (member post *))) | (return (member * (instance (member RegExp (global))))) | (parameter 0 (member * (root https://www.npmjs.com/package/fs))) |
| (parameter 0 (parameter 1 (member post *))) | (return (member * (instance (member RegExp (global))))) | (parameter 0 (member writeFile (root https://www.npmjs.com/package/fs))) |
| (parameter 0 (parameter 1 (member post *))) | (return (member * (instance (member RegExp (global))))) | (parameter 0 (member writeFile *)) |
| (parameter 0 (parameter 1 (member post *))) | (return (member * (return (member RegExp (global))))) | (parameter 0 (member * (root https://www.npmjs.com/package/fs))) |
| (parameter 0 (parameter 1 (member post *))) | (return (member * (return (member RegExp (global))))) | (parameter 0 (member writeFile (root https://www.npmjs.com/package/fs))) |
| (parameter 0 (parameter 1 (member post *))) | (return (member * (return (member RegExp (global))))) | (parameter 0 (member writeFile *)) |
| (parameter 0 (parameter 1 (member post *))) | (return (member * (root https://www.npmjs.com/package/path))) | (parameter 0 (member * (root https://www.npmjs.com/package/fs))) |
| (parameter 0 (parameter 1 (member post *))) | (return (member * (root https://www.npmjs.com/package/path))) | (parameter 0 (member writeFile (root https://www.npmjs.com/package/fs))) |
| (parameter 0 (parameter 1 (member post *))) | (return (member * (root https://www.npmjs.com/package/path))) | (parameter 0 (member writeFile *)) |
| (parameter 0 (parameter 1 (member post *))) | (return (member join (root https://www.npmjs.com/package/path))) | (parameter 0 (member * (root https://www.npmjs.com/package/fs))) |
| (parameter 0 (parameter 1 (member post *))) | (return (member join (root https://www.npmjs.com/package/path))) | (parameter 0 (member writeFile (root https://www.npmjs.com/package/fs))) |
| (parameter 0 (parameter 1 (member post *))) | (return (member join (root https://www.npmjs.com/package/path))) | (parameter 0 (member writeFile *)) |
| (parameter 0 (parameter 1 (member post *))) | (return (member join *)) | (parameter 0 (member * (root https://www.npmjs.com/package/fs))) |
| (parameter 0 (parameter 1 (member post *))) | (return (member join *)) | (parameter 0 (member writeFile (root https://www.npmjs.com/package/fs))) |
| (parameter 0 (parameter 1 (member post *))) | (return (member join *)) | (parameter 0 (member writeFile *)) |
| (parameter 0 (parameter 1 (member post *))) | (return (member test (instance (member RegExp (global))))) | (parameter 0 (member * (root https://www.npmjs.com/package/fs))) |
| (parameter 0 (parameter 1 (member post *))) | (return (member test (instance (member RegExp (global))))) | (parameter 0 (member writeFile (root https://www.npmjs.com/package/fs))) |
| (parameter 0 (parameter 1 (member post *))) | (return (member test (instance (member RegExp (global))))) | (parameter 0 (member writeFile *)) |
| (parameter 0 (parameter 1 (member post *))) | (return (member test (return (member RegExp (global))))) | (parameter 0 (member * (root https://www.npmjs.com/package/fs))) |
| (parameter 0 (parameter 1 (member post *))) | (return (member test (return (member RegExp (global))))) | (parameter 0 (member writeFile (root https://www.npmjs.com/package/fs))) |
| (parameter 0 (parameter 1 (member post *))) | (return (member test (return (member RegExp (global))))) | (parameter 0 (member writeFile *)) |
| (parameter 0 (parameter 1 (member post *))) | (return (member test *)) | (parameter 0 (member * (root https://www.npmjs.com/package/fs))) |
| (parameter 0 (parameter 1 (member post *))) | (return (member test *)) | (parameter 0 (member writeFile (root https://www.npmjs.com/package/fs))) |
| (parameter 0 (parameter 1 (member post *))) | (return (member test *)) | (parameter 0 (member writeFile *)) |
| (parameter 0 (parameter 1 (member post *))) | (return (root https://www.npmjs.com/package/sanitize-path)) | (parameter 0 (member * (root https://www.npmjs.com/package/fs))) |
| (parameter 0 (parameter 1 (member post *))) | (return (root https://www.npmjs.com/package/sanitize-path)) | (parameter 0 (member writeFile (root https://www.npmjs.com/package/fs))) |
| (parameter 0 (parameter 1 (member post *))) | (return (root https://www.npmjs.com/package/sanitize-path)) | (parameter 0 (member writeFile *)) |
| (parameter req (parameter 1 (member * (return (root https://www.npmjs.com/package/express))))) | (return (member * (instance (member RegExp (global))))) | (parameter 0 (member * (root https://www.npmjs.com/package/fs))) |
| (parameter req (parameter 1 (member * (return (root https://www.npmjs.com/package/express))))) | (return (member * (instance (member RegExp (global))))) | (parameter 0 (member writeFile (root https://www.npmjs.com/package/fs))) |
| (parameter req (parameter 1 (member * (return (root https://www.npmjs.com/package/express))))) | (return (member * (instance (member RegExp (global))))) | (parameter 0 (member writeFile *)) |
| (parameter req (parameter 1 (member * (return (root https://www.npmjs.com/package/express))))) | (return (member * (return (member RegExp (global))))) | (parameter 0 (member * (root https://www.npmjs.com/package/fs))) |
| (parameter req (parameter 1 (member * (return (root https://www.npmjs.com/package/express))))) | (return (member * (return (member RegExp (global))))) | (parameter 0 (member writeFile (root https://www.npmjs.com/package/fs))) |
| (parameter req (parameter 1 (member * (return (root https://www.npmjs.com/package/express))))) | (return (member * (return (member RegExp (global))))) | (parameter 0 (member writeFile *)) |
| (parameter req (parameter 1 (member * (return (root https://www.npmjs.com/package/express))))) | (return (member * (root https://www.npmjs.com/package/path))) | (parameter 0 (member * (root https://www.npmjs.com/package/fs))) |
| (parameter req (parameter 1 (member * (return (root https://www.npmjs.com/package/express))))) | (return (member * (root https://www.npmjs.com/package/path))) | (parameter 0 (member writeFile (root https://www.npmjs.com/package/fs))) |
| (parameter req (parameter 1 (member * (return (root https://www.npmjs.com/package/express))))) | (return (member * (root https://www.npmjs.com/package/path))) | (parameter 0 (member writeFile *)) |
| (parameter req (parameter 1 (member * (return (root https://www.npmjs.com/package/express))))) | (return (member join (root https://www.npmjs.com/package/path))) | (parameter 0 (member * (root https://www.npmjs.com/package/fs))) |
| (parameter req (parameter 1 (member * (return (root https://www.npmjs.com/package/express))))) | (return (member join (root https://www.npmjs.com/package/path))) | (parameter 0 (member writeFile (root https://www.npmjs.com/package/fs))) |
| (parameter req (parameter 1 (member * (return (root https://www.npmjs.com/package/express))))) | (return (member join (root https://www.npmjs.com/package/path))) | (parameter 0 (member writeFile *)) |
| (parameter req (parameter 1 (member * (return (root https://www.npmjs.com/package/express))))) | (return (member join *)) | (parameter 0 (member * (root https://www.npmjs.com/package/fs))) |
| (parameter req (parameter 1 (member * (return (root https://www.npmjs.com/package/express))))) | (return (member join *)) | (parameter 0 (member writeFile (root https://www.npmjs.com/package/fs))) |
| (parameter req (parameter 1 (member * (return (root https://www.npmjs.com/package/express))))) | (return (member join *)) | (parameter 0 (member writeFile *)) |
| (parameter req (parameter 1 (member * (return (root https://www.npmjs.com/package/express))))) | (return (member test (instance (member RegExp (global))))) | (parameter 0 (member * (root https://www.npmjs.com/package/fs))) |
| (parameter req (parameter 1 (member * (return (root https://www.npmjs.com/package/express))))) | (return (member test (instance (member RegExp (global))))) | (parameter 0 (member writeFile (root https://www.npmjs.com/package/fs))) |
| (parameter req (parameter 1 (member * (return (root https://www.npmjs.com/package/express))))) | (return (member test (instance (member RegExp (global))))) | (parameter 0 (member writeFile *)) |
| (parameter req (parameter 1 (member * (return (root https://www.npmjs.com/package/express))))) | (return (member test (return (member RegExp (global))))) | (parameter 0 (member * (root https://www.npmjs.com/package/fs))) |
| (parameter req (parameter 1 (member * (return (root https://www.npmjs.com/package/express))))) | (return (member test (return (member RegExp (global))))) | (parameter 0 (member writeFile (root https://www.npmjs.com/package/fs))) |
| (parameter req (parameter 1 (member * (return (root https://www.npmjs.com/package/express))))) | (return (member test (return (member RegExp (global))))) | (parameter 0 (member writeFile *)) |
| (parameter req (parameter 1 (member * (return (root https://www.npmjs.com/package/express))))) | (return (member test *)) | (parameter 0 (member * (root https://www.npmjs.com/package/fs))) |
| (parameter req (parameter 1 (member * (return (root https://www.npmjs.com/package/express))))) | (return (member test *)) | (parameter 0 (member writeFile (root https://www.npmjs.com/package/fs))) |
| (parameter req (parameter 1 (member * (return (root https://www.npmjs.com/package/express))))) | (return (member test *)) | (parameter 0 (member writeFile *)) |
| (parameter req (parameter 1 (member * (return (root https://www.npmjs.com/package/express))))) | (return (root https://www.npmjs.com/package/sanitize-path)) | (parameter 0 (member * (root https://www.npmjs.com/package/fs))) |
| (parameter req (parameter 1 (member * (return (root https://www.npmjs.com/package/express))))) | (return (root https://www.npmjs.com/package/sanitize-path)) | (parameter 0 (member writeFile (root https://www.npmjs.com/package/fs))) |
| (parameter req (parameter 1 (member * (return (root https://www.npmjs.com/package/express))))) | (return (root https://www.npmjs.com/package/sanitize-path)) | (parameter 0 (member writeFile *)) |
| (parameter req (parameter 1 (member post (return (root https://www.npmjs.com/package/express))))) | (return (member * (instance (member RegExp (global))))) | (parameter 0 (member * (root https://www.npmjs.com/package/fs))) |
| (parameter req (parameter 1 (member post (return (root https://www.npmjs.com/package/express))))) | (return (member * (instance (member RegExp (global))))) | (parameter 0 (member writeFile (root https://www.npmjs.com/package/fs))) |
| (parameter req (parameter 1 (member post (return (root https://www.npmjs.com/package/express))))) | (return (member * (instance (member RegExp (global))))) | (parameter 0 (member writeFile *)) |
| (parameter req (parameter 1 (member post (return (root https://www.npmjs.com/package/express))))) | (return (member * (return (member RegExp (global))))) | (parameter 0 (member * (root https://www.npmjs.com/package/fs))) |
| (parameter req (parameter 1 (member post (return (root https://www.npmjs.com/package/express))))) | (return (member * (return (member RegExp (global))))) | (parameter 0 (member writeFile (root https://www.npmjs.com/package/fs))) |
| (parameter req (parameter 1 (member post (return (root https://www.npmjs.com/package/express))))) | (return (member * (return (member RegExp (global))))) | (parameter 0 (member writeFile *)) |
| (parameter req (parameter 1 (member post (return (root https://www.npmjs.com/package/express))))) | (return (member * (root https://www.npmjs.com/package/path))) | (parameter 0 (member * (root https://www.npmjs.com/package/fs))) |
| (parameter req (parameter 1 (member post (return (root https://www.npmjs.com/package/express))))) | (return (member * (root https://www.npmjs.com/package/path))) | (parameter 0 (member writeFile (root https://www.npmjs.com/package/fs))) |
| (parameter req (parameter 1 (member post (return (root https://www.npmjs.com/package/express))))) | (return (member * (root https://www.npmjs.com/package/path))) | (parameter 0 (member writeFile *)) |
| (parameter req (parameter 1 (member post (return (root https://www.npmjs.com/package/express))))) | (return (member join (root https://www.npmjs.com/package/path))) | (parameter 0 (member * (root https://www.npmjs.com/package/fs))) |
| (parameter req (parameter 1 (member post (return (root https://www.npmjs.com/package/express))))) | (return (member join (root https://www.npmjs.com/package/path))) | (parameter 0 (member writeFile (root https://www.npmjs.com/package/fs))) |
| (parameter req (parameter 1 (member post (return (root https://www.npmjs.com/package/express))))) | (return (member join (root https://www.npmjs.com/package/path))) | (parameter 0 (member writeFile *)) |
| (parameter req (parameter 1 (member post (return (root https://www.npmjs.com/package/express))))) | (return (member join *)) | (parameter 0 (member * (root https://www.npmjs.com/package/fs))) |
| (parameter req (parameter 1 (member post (return (root https://www.npmjs.com/package/express))))) | (return (member join *)) | (parameter 0 (member writeFile (root https://www.npmjs.com/package/fs))) |
| (parameter req (parameter 1 (member post (return (root https://www.npmjs.com/package/express))))) | (return (member join *)) | (parameter 0 (member writeFile *)) |
| (parameter req (parameter 1 (member post (return (root https://www.npmjs.com/package/express))))) | (return (member test (instance (member RegExp (global))))) | (parameter 0 (member * (root https://www.npmjs.com/package/fs))) |
| (parameter req (parameter 1 (member post (return (root https://www.npmjs.com/package/express))))) | (return (member test (instance (member RegExp (global))))) | (parameter 0 (member writeFile (root https://www.npmjs.com/package/fs))) |
| (parameter req (parameter 1 (member post (return (root https://www.npmjs.com/package/express))))) | (return (member test (instance (member RegExp (global))))) | (parameter 0 (member writeFile *)) |
| (parameter req (parameter 1 (member post (return (root https://www.npmjs.com/package/express))))) | (return (member test (return (member RegExp (global))))) | (parameter 0 (member * (root https://www.npmjs.com/package/fs))) |
| (parameter req (parameter 1 (member post (return (root https://www.npmjs.com/package/express))))) | (return (member test (return (member RegExp (global))))) | (parameter 0 (member writeFile (root https://www.npmjs.com/package/fs))) |
| (parameter req (parameter 1 (member post (return (root https://www.npmjs.com/package/express))))) | (return (member test (return (member RegExp (global))))) | (parameter 0 (member writeFile *)) |
| (parameter req (parameter 1 (member post (return (root https://www.npmjs.com/package/express))))) | (return (member test *)) | (parameter 0 (member * (root https://www.npmjs.com/package/fs))) |
| (parameter req (parameter 1 (member post (return (root https://www.npmjs.com/package/express))))) | (return (member test *)) | (parameter 0 (member writeFile (root https://www.npmjs.com/package/fs))) |
| (parameter req (parameter 1 (member post (return (root https://www.npmjs.com/package/express))))) | (return (member test *)) | (parameter 0 (member writeFile *)) |
| (parameter req (parameter 1 (member post (return (root https://www.npmjs.com/package/express))))) | (return (root https://www.npmjs.com/package/sanitize-path)) | (parameter 0 (member * (root https://www.npmjs.com/package/fs))) |
| (parameter req (parameter 1 (member post (return (root https://www.npmjs.com/package/express))))) | (return (root https://www.npmjs.com/package/sanitize-path)) | (parameter 0 (member writeFile (root https://www.npmjs.com/package/fs))) |
| (parameter req (parameter 1 (member post (return (root https://www.npmjs.com/package/express))))) | (return (root https://www.npmjs.com/package/sanitize-path)) | (parameter 0 (member writeFile *)) |
| (parameter req (parameter 1 (member post *))) | (return (member * (instance (member RegExp (global))))) | (parameter 0 (member * (root https://www.npmjs.com/package/fs))) |
| (parameter req (parameter 1 (member post *))) | (return (member * (instance (member RegExp (global))))) | (parameter 0 (member writeFile (root https://www.npmjs.com/package/fs))) |
| (parameter req (parameter 1 (member post *))) | (return (member * (instance (member RegExp (global))))) | (parameter 0 (member writeFile *)) |
| (parameter req (parameter 1 (member post *))) | (return (member * (return (member RegExp (global))))) | (parameter 0 (member * (root https://www.npmjs.com/package/fs))) |
| (parameter req (parameter 1 (member post *))) | (return (member * (return (member RegExp (global))))) | (parameter 0 (member writeFile (root https://www.npmjs.com/package/fs))) |
| (parameter req (parameter 1 (member post *))) | (return (member * (return (member RegExp (global))))) | (parameter 0 (member writeFile *)) |
| (parameter req (parameter 1 (member post *))) | (return (member * (root https://www.npmjs.com/package/path))) | (parameter 0 (member * (root https://www.npmjs.com/package/fs))) |
| (parameter req (parameter 1 (member post *))) | (return (member * (root https://www.npmjs.com/package/path))) | (parameter 0 (member writeFile (root https://www.npmjs.com/package/fs))) |
| (parameter req (parameter 1 (member post *))) | (return (member * (root https://www.npmjs.com/package/path))) | (parameter 0 (member writeFile *)) |
| (parameter req (parameter 1 (member post *))) | (return (member join (root https://www.npmjs.com/package/path))) | (parameter 0 (member * (root https://www.npmjs.com/package/fs))) |
| (parameter req (parameter 1 (member post *))) | (return (member join (root https://www.npmjs.com/package/path))) | (parameter 0 (member writeFile (root https://www.npmjs.com/package/fs))) |
| (parameter req (parameter 1 (member post *))) | (return (member join (root https://www.npmjs.com/package/path))) | (parameter 0 (member writeFile *)) |
| (parameter req (parameter 1 (member post *))) | (return (member join *)) | (parameter 0 (member * (root https://www.npmjs.com/package/fs))) |
| (parameter req (parameter 1 (member post *))) | (return (member join *)) | (parameter 0 (member writeFile (root https://www.npmjs.com/package/fs))) |
| (parameter req (parameter 1 (member post *))) | (return (member join *)) | (parameter 0 (member writeFile *)) |
| (parameter req (parameter 1 (member post *))) | (return (member test (instance (member RegExp (global))))) | (parameter 0 (member * (root https://www.npmjs.com/package/fs))) |
| (parameter req (parameter 1 (member post *))) | (return (member test (instance (member RegExp (global))))) | (parameter 0 (member writeFile (root https://www.npmjs.com/package/fs))) |
| (parameter req (parameter 1 (member post *))) | (return (member test (instance (member RegExp (global))))) | (parameter 0 (member writeFile *)) |
| (parameter req (parameter 1 (member post *))) | (return (member test (return (member RegExp (global))))) | (parameter 0 (member * (root https://www.npmjs.com/package/fs))) |
| (parameter req (parameter 1 (member post *))) | (return (member test (return (member RegExp (global))))) | (parameter 0 (member writeFile (root https://www.npmjs.com/package/fs))) |
| (parameter req (parameter 1 (member post *))) | (return (member test (return (member RegExp (global))))) | (parameter 0 (member writeFile *)) |
| (parameter req (parameter 1 (member post *))) | (return (member test *)) | (parameter 0 (member * (root https://www.npmjs.com/package/fs))) |
| (parameter req (parameter 1 (member post *))) | (return (member test *)) | (parameter 0 (member writeFile (root https://www.npmjs.com/package/fs))) |
| (parameter req (parameter 1 (member post *))) | (return (member test *)) | (parameter 0 (member writeFile *)) |
| (parameter req (parameter 1 (member post *))) | (return (root https://www.npmjs.com/package/sanitize-path)) | (parameter 0 (member * (root https://www.npmjs.com/package/fs))) |
| (parameter req (parameter 1 (member post *))) | (return (root https://www.npmjs.com/package/sanitize-path)) | (parameter 0 (member writeFile (root https://www.npmjs.com/package/fs))) |
| (parameter req (parameter 1 (member post *))) | (return (root https://www.npmjs.com/package/sanitize-path)) | (parameter 0 (member writeFile *)) |
| (return (member * (root https://www.npmjs.com/package/lib))) | (return (member * (root https://www.npmjs.com/package/lib))) | (parameter 0 (member * (root https://www.npmjs.com/package/lib))) |
| (return (member * (root https://www.npmjs.com/package/lib))) | (return (member * (root https://www.npmjs.com/package/lib))) | (parameter 0 (member sink (root https://www.npmjs.com/package/lib))) |
| (return (member * (root https://www.npmjs.com/package/lib))) | (return (member * (root https://www.npmjs.com/package/lib))) | (parameter 0 (member sink *)) |
| (return (member * (root https://www.npmjs.com/package/lib))) | (return (member sanitize (root https://www.npmjs.com/package/lib))) | (parameter 0 (member * (root https://www.npmjs.com/package/lib))) |
| (return (member * (root https://www.npmjs.com/package/lib))) | (return (member sanitize (root https://www.npmjs.com/package/lib))) | (parameter 0 (member sink (root https://www.npmjs.com/package/lib))) |
| (return (member * (root https://www.npmjs.com/package/lib))) | (return (member sanitize (root https://www.npmjs.com/package/lib))) | (parameter 0 (member sink *)) |
| (return (member * (root https://www.npmjs.com/package/lib))) | (return (member sanitize *)) | (parameter 0 (member * (root https://www.npmjs.com/package/lib))) |
| (return (member * (root https://www.npmjs.com/package/lib))) | (return (member sanitize *)) | (parameter 0 (member sink (root https://www.npmjs.com/package/lib))) |
| (return (member * (root https://www.npmjs.com/package/lib))) | (return (member sanitize *)) | (parameter 0 (member sink *)) |
| (return (member source (root https://www.npmjs.com/package/lib))) | (return (member * (root https://www.npmjs.com/package/lib))) | (parameter 0 (member * (root https://www.npmjs.com/package/lib))) |
| (return (member source (root https://www.npmjs.com/package/lib))) | (return (member * (root https://www.npmjs.com/package/lib))) | (parameter 0 (member sink (root https://www.npmjs.com/package/lib))) |
| (return (member source (root https://www.npmjs.com/package/lib))) | (return (member * (root https://www.npmjs.com/package/lib))) | (parameter 0 (member sink *)) |
| (return (member source (root https://www.npmjs.com/package/lib))) | (return (member sanitize (root https://www.npmjs.com/package/lib))) | (parameter 0 (member * (root https://www.npmjs.com/package/lib))) |
| (return (member source (root https://www.npmjs.com/package/lib))) | (return (member sanitize (root https://www.npmjs.com/package/lib))) | (parameter 0 (member sink (root https://www.npmjs.com/package/lib))) |
| (return (member source (root https://www.npmjs.com/package/lib))) | (return (member sanitize (root https://www.npmjs.com/package/lib))) | (parameter 0 (member sink *)) |
| (return (member source (root https://www.npmjs.com/package/lib))) | (return (member sanitize *)) | (parameter 0 (member * (root https://www.npmjs.com/package/lib))) |
| (return (member source (root https://www.npmjs.com/package/lib))) | (return (member sanitize *)) | (parameter 0 (member sink (root https://www.npmjs.com/package/lib))) |
| (return (member source (root https://www.npmjs.com/package/lib))) | (return (member sanitize *)) | (parameter 0 (member sink *)) |
| (return (member source *)) | (return (member * (root https://www.npmjs.com/package/lib))) | (parameter 0 (member * (root https://www.npmjs.com/package/lib))) |
| (return (member source *)) | (return (member * (root https://www.npmjs.com/package/lib))) | (parameter 0 (member sink (root https://www.npmjs.com/package/lib))) |
| (return (member source *)) | (return (member * (root https://www.npmjs.com/package/lib))) | (parameter 0 (member sink *)) |
| (return (member source *)) | (return (member sanitize (root https://www.npmjs.com/package/lib))) | (parameter 0 (member * (root https://www.npmjs.com/package/lib))) |
| (return (member source *)) | (return (member sanitize (root https://www.npmjs.com/package/lib))) | (parameter 0 (member sink (root https://www.npmjs.com/package/lib))) |
| (return (member source *)) | (return (member sanitize (root https://www.npmjs.com/package/lib))) | (parameter 0 (member sink *)) |
| (return (member source *)) | (return (member sanitize *)) | (parameter 0 (member * (root https://www.npmjs.com/package/lib))) |
| (return (member source *)) | (return (member sanitize *)) | (parameter 0 (member sink (root https://www.npmjs.com/package/lib))) |
| (return (member source *)) | (return (member sanitize *)) | (parameter 0 (member sink *)) |
