spuriousCallee
missingCallee
| constructor-field.ts:40:5:40:14 | f3.build() | constructor-field.ts:13:3:13:12 | build() {} |
| constructor-field.ts:71:1:71:11 | bf3.build() | constructor-field.ts:13:3:13:12 | build() {} |
| higher-order.js:18:1:18:5 | fn2() | lib2.js:4:5:6:5 | functio ... ;\\n    } |
badAnnotation
